     1 00000000                                 [FORMAT "WCOFF"]
     2 00000000                                 [INSTRSET "i486p"]
     3 00000000                                 [BITS 32]
     4 00000000                                 [FILE "api010.nas"]
     5 00000000                                 
     6 00000000                                 		GLOBAL	_api_free
     7 00000000                                 
     8                                          [SECTION .text]
     9 00000000                                 
    10 00000000                                 _api_free:			; void api_free(char *addr, int size);
    11 00000000 53                              		PUSH	EBX
    12 00000001 BA 0000000A                     		MOV		EDX,10
    13 00000006 2E 8B 1D 00000020               		MOV		EBX,[CS:0x0020]
    14 0000000D 8B 44 24 08                     		MOV		EAX,[ESP+ 8]		; addr
    15 00000011 8B 4C 24 0C                     		MOV		ECX,[ESP+12]		; size
    16 00000015 CD 40                           		INT		0x40
    17 00000017 5B                              		POP		EBX
    18 00000018 C3                              		RET
