     1 00000000                                 [FORMAT "WCOFF"]
     2 00000000                                 [INSTRSET "i486p"]
     3 00000000                                 [BITS 32]
     4 00000000                                 [FILE "api011.nas"]
     5 00000000                                 
     6 00000000                                 		GLOBAL	_api_point
     7 00000000                                 
     8                                          [SECTION .text]
     9 00000000                                 
    10 00000000                                 _api_point:		; void api_point(int win, int x, int y, int col);
    11 00000000 57                              		PUSH	EDI
    12 00000001 56                              		PUSH	ESI
    13 00000002 53                              		PUSH	EBX
    14 00000003 BA 0000000B                     		MOV		EDX,11
    15 00000008 8B 5C 24 10                     		MOV		EBX,[ESP+16]	; win
    16 0000000C 8B 74 24 14                     		MOV		ESI,[ESP+20]	; x
    17 00000010 8B 7C 24 18                     		MOV		EDI,[ESP+24]	; y
    18 00000014 8B 44 24 1C                     		MOV		EAX,[ESP+28]	; col
    19 00000018 CD 40                           		INT		0x40
    20 0000001A 5B                              		POP		EBX
    21 0000001B 5E                              		POP		ESI
    22 0000001C 5F                              		POP		EDI
    23 0000001D C3                              		RET
