     1 00000000                                 [FORMAT "WCOFF"]
     2 00000000                                 [INSTRSET "i486p"]
     3 00000000                                 [BITS 32]
     4 00000000                                 [FILE "api026.nas"]
     5 00000000                                 
     6 00000000                                 		GLOBAL	_api_command
     7 00000000                                 
     8                                          [SECTION .text]
     9 00000000                                 
    10 00000000                                 _api_command:				;int api_cmdline(char *buffer, int maxSize);
    11 00000000 53                              	PUSH EBX
    12 00000001 BA 0000001A                     	MOV EDX,26
    13 00000006 8B 4C 24 0C                     	MOV ECX,[ESP+12]		;maxsize
    14 0000000A 8B 5C 24 08                     	MOV EBX,[ESP+8]			;buffer
    15 0000000E CD 40                           	INT 0x40
    16 00000010 5B                              	POP EBX
    17 00000011 C3                              	RET
