     1 00000000                                 [FORMAT "WCOFF"]
     2 00000000                                 [INSTRSET "i486p"]
     3 00000000                                 [BITS 32]
     4 00000000                                 [FILE "api019.nas"]
     5 00000000                                 
     6 00000000                                 		GLOBAL	_api_freetimer
     7 00000000                                 
     8                                          [SECTION .text]
     9 00000000                                 
    10 00000000                                 _api_freetimer:		; void api_freetimer(int timer);
    11 00000000 53                              		PUSH	EBX
    12 00000001 BA 00000013                     		MOV		EDX,19
    13 00000006 8B 5C 24 08                     		MOV		EBX,[ESP+ 8]		; timer
    14 0000000A CD 40                           		INT		0x40
    15 0000000C 5B                              		POP		EBX
    16 0000000D C3                              		RET
