     1 00000000                                 [FORMAT "WCOFF"]
     2 00000000                                 [INSTRSET "i486p"]
     3 00000000                                 [BITS 32]
     4 00000000                                 [FILE "api014.nas"]
     5 00000000                                 
     6 00000000                                 		GLOBAL	_api_closewin
     7 00000000                                 
     8                                          [SECTION .text]
     9 00000000                                 
    10 00000000                                 _api_closewin:		; void api_closewin(int win);
    11 00000000 53                              		PUSH	EBX
    12 00000001 BA 0000000E                     		MOV		EDX,14
    13 00000006 8B 5C 24 08                     		MOV		EBX,[ESP+8]	; win
    14 0000000A CD 40                           		INT		0x40
    15 0000000C 5B                              		POP		EBX
    16 0000000D C3                              		RET
